// Jest Snapshot v1, https://goo.gl/fbAQLP

exports[`<Transfer /> Transfer Render Transfer connected 1`] = `"<div class=\\"ui page modals dimmer transition visible active\\" style=\\"display: flex;\\"><div class=\\"ui small modal transition visible active\\"><div class=\\"dcl close \\"><div class=\\"close-icon\\"></div></div><div class=\\"header\\"><div class=\\"ui medium header\\">Transfer</div><p class=\\"subtitle\\">Send tokens to an account</p></div><div class=\\"content\\"><form class=\\"ui form\\"><div class=\\"dcl field has-label\\"><div class=\\"ui sub header\\">AMOUNT</div><div width=\\"3\\" class=\\"ui input\\"><input placeholder=\\"100\\" type=\\"number\\" value=\\"\\"></div><p class=\\"message\\">&nbsp;</p></div><div class=\\"dcl field address has-label\\"><div class=\\"ui sub header\\">ADDRESS</div><div class=\\"ui input\\"><input type=\\"text\\" value=\\"\\"></div><p class=\\"message\\">&nbsp;</p></div></form></div><div class=\\"actions\\"><button class=\\"ui primary button\\">Send</button></div></div></div>"`;
